../Core/Src/main.c:81:5:main	8	static
../Core/Src/main.c:129:6:SystemClock_Config	72	static
../Core/Src/main.c:166:13:MX_TIM1_Init	96	static
../Core/Src/main.c:241:13:MX_TIM2_Init	64	static
../Core/Src/main.c:300:13:MX_USART1_UART_Init	8	static
../Core/Src/main.c:333:13:MX_GPIO_Init	32	static
../Core/Src/main.c:358:6:printf_uart	16	static
../Core/Src/main.c:362:6:HAL_UART_RxCpltCallback	16	static
../Core/Src/main.c:408:6:HAL_TIM_PeriodElapsedCallback	16	static
../Core/Src/main.c:468:6:Error_Handler	4	static,ignoring_inline_asm
