../Core/Src/main.c:77:5:main	8	static
../Core/Src/main.c:125:6:SystemClock_Config	72	static
../Core/Src/main.c:162:13:MX_TIM1_Init	96	static
../Core/Src/main.c:237:13:MX_TIM2_Init	64	static
../Core/Src/main.c:296:13:MX_USART1_UART_Init	8	static
../Core/Src/main.c:329:13:MX_GPIO_Init	32	static
../Core/Src/main.c:354:6:printf_uart	16	static
../Core/Src/main.c:358:6:HAL_UART_RxCpltCallback	16	static
../Core/Src/main.c:403:6:HAL_TIM_PeriodElapsedCallback	16	static
../Core/Src/main.c:460:6:Error_Handler	4	static,ignoring_inline_asm
